> cat("================================================================================\n")
================================================================================
> cat("BDSCOD model fit\n")
BDSCOD model fit
> cat("================================================================================\n")
================================================================================
> summary(bdscod_model)

Call:
lm(formula = ln_time ~ ln_size, data = .)

Residuals:
      Min        1Q    Median        3Q       Max 
-0.013935 -0.003831 -0.001185  0.002299  0.032391 

Coefficients:
              Estimate Std. Error t value Pr(>|t|)    
(Intercept) -13.392742   0.009592 -1396.3   <2e-16 ***
ln_size       1.013906   0.001957   518.1   <2e-16 ***
---
Signif. codes:  0 ‘***’ 0.001 ‘**’ 0.01 ‘*’ 0.05 ‘.’ 0.1 ‘ ’ 1

Residual standard error: 0.007584 on 27 degrees of freedom
Multiple R-squared:  0.9999,	Adjusted R-squared:  0.9999 
F-statistic: 2.685e+05 on 1 and 27 DF,  p-value: < 2.2e-16

> cat("================================================================================\n")
================================================================================
> cat("BDSCOD *ROBUST* model fit\n")
BDSCOD *ROBUST* model fit
> cat("================================================================================\n")
================================================================================
> summary(bdscod_robust_model)

Call: rlm(formula = ln_time ~ ln_size, data = .)
Residuals:
       Min         1Q     Median         3Q        Max 
-0.0131937 -0.0032951 -0.0005336  0.0030259  0.0330951 

Coefficients:
            Value      Std. Error t value   
(Intercept)   -13.3930     0.0051 -2601.2000
ln_size         1.0138     0.0011   965.1532

Residual standard error: 0.004886 on 27 degrees of freedom
> cat("\n================================================================================\n")

================================================================================
> cat("Manceau et al (2020) model fit\n")
Manceau et al (2020) model fit
> cat("================================================================================\n")
================================================================================
> summary(popsize_model)

Call:
lm(formula = ln_time ~ ln_size, data = .)

Residuals:
     Min       1Q   Median       3Q      Max 
-0.36717 -0.18866 -0.06167  0.19201  0.52671 

Coefficients:
            Estimate Std. Error t value Pr(>|t|)    
(Intercept) -9.29031    0.30460  -30.50   <2e-16 ***
ln_size      2.20576    0.06214   35.49   <2e-16 ***
---
Signif. codes:  0 ‘***’ 0.001 ‘**’ 0.01 ‘*’ 0.05 ‘.’ 0.1 ‘ ’ 1

Residual standard error: 0.2408 on 27 degrees of freedom
Multiple R-squared:  0.979,	Adjusted R-squared:  0.9782 
F-statistic:  1260 on 1 and 27 DF,  p-value: < 2.2e-16

> cat("\n================================================================================\n")

================================================================================
> cat("Manceau et al (2020) *ROBUST* model fit\n")
Manceau et al (2020) *ROBUST* model fit
> cat("================================================================================\n")
================================================================================
> summary(popsize_robust_model)

Call: rlm(formula = ln_time ~ ln_size, data = .)
Residuals:
     Min       1Q   Median       3Q      Max 
-0.35911 -0.17615 -0.05934  0.20147  0.57894 

Coefficients:
            Value    Std. Error t value 
(Intercept)  -9.4116   0.3020   -31.1616
ln_size       2.2288   0.0616    36.1716

Residual standard error: 0.2827 on 27 degrees of freedom
> sink()
